c:\Catapult\4inarow.cpj
c:\Catapult\CatapultFreeware.exe
c:\Catapult\copter.cpj
c:\Catapult\cowjump.cpj
c:\Catapult\DatabaseTest.cpj
c:\Catapult\demo_draw.cpj
c:\Catapult\FontDemo1.cpj
c:\Catapult\FontDemo2.cpj
c:\Catapult\highway.cpj
c:\Catapult\Island.cpj
c:\Catapult\libpng13a.dll
c:\Catapult\readme.txt
c:\Catapult\Snake.cpj
c:\Catapult\SoundDemo.cpj
c:\Catapult\timing_database.txt
c:\Catapult\tutorial.cpj
c:\Catapult\Uninstall.exe
c:\Catapult\WhatsNew.txt
c:\Catapult\zlib.dll
c:\Catapult\4inarow\arrays.txt
c:\Catapult\4inarow\fontmaps.txt
c:\Catapult\4inarow\global_names.txt
c:\Catapult\4inarow\macro.txt
c:\Catapult\4inarow\paths.txt
c:\Catapult\4inarow\resource.txt
c:\Catapult\4inarow\string_table.txt
c:\Catapult\4inarow\Resources\Images\arrow.bmp
c:\Catapult\4inarow\Resources\Images\background.png
c:\Catapult\4inarow\Resources\Images\bgshape.bmp
c:\Catapult\4inarow\Resources\Images\bg_tiles.png
c:\Catapult\4inarow\Resources\Images\font1.bmp
c:\Catapult\4inarow\Resources\Images\Pieces.png
c:\Catapult\4inarow\Resources\Images\Tiles_reduced.png
c:\Catapult\4inarow\Resources\Sounds\thud.wav
c:\Catapult\4inarow\Resources\Tilemap\bg.ctm
c:\Catapult\4inarow\Resources\Tilemap\board.ctm
c:\Catapult\4inarow\Resources\Tilemap\token.ctm
c:\Catapult\4inarow\Script\4inarow.txt
c:\Catapult\4inarow\Script\minimax.txt
c:\Catapult\Copter\arrays.txt
c:\Catapult\Copter\fontmaps.txt
c:\Catapult\Copter\global_names.txt
c:\Catapult\Copter\level_info.txt
c:\Catapult\Copter\macro.txt
c:\Catapult\Copter\network_versions.txt
c:\Catapult\Copter\paths.txt
c:\Catapult\Copter\resource.txt
c:\Catapult\Copter\string_table.txt
c:\Catapult\Copter\tilelists.txt
c:\Catapult\Copter\Resources\Images\background_sky.bmp
c:\Catapult\Copter\Resources\Images\bg1.png
c:\Catapult\Copter\Resources\Images\bg_city_block_1.bmp
c:\Catapult\Copter\Resources\Images\bigmissile16x32.bmp
c:\Catapult\Copter\Resources\Images\chopper_life.png
c:\Catapult\Copter\Resources\Images\circle_tile.bmp
c:\Catapult\Copter\Resources\Images\copter_idle_1.bmp
c:\Catapult\Copter\Resources\Images\copter_idle_2.bmp
c:\Catapult\Copter\Resources\Images\copter_idle_3.bmp
c:\Catapult\Copter\Resources\Images\explode_all.bmp
c:\Catapult\Copter\Resources\Images\FONTBOLD.BMP
c:\Catapult\Copter\Resources\Images\general_explosion.bmp
c:\Catapult\Copter\Resources\Images\general_explosion1.bmp
c:\Catapult\Copter\Resources\Images\house_1.bmp
c:\Catapult\Copter\Resources\Images\house_2.bmp
c:\Catapult\Copter\Resources\Images\Intro.png
c:\Catapult\Copter\Resources\Images\missile.bmp
c:\Catapult\Copter\Resources\Images\missile16x32.bmp
c:\Catapult\Copter\Resources\Images\object_missile.bmp
c:\Catapult\Copter\Resources\Images\oiltank16x16.bmp
c:\Catapult\Copter\Resources\Images\parachutebomb16x32.bmp
c:\Catapult\Copter\Resources\Images\powerup.png
c:\Catapult\Copter\Resources\Images\power_meter.png
c:\Catapult\Copter\Resources\Images\silo16x16.bmp
c:\Catapult\Copter\Resources\Images\smoke_plume.png
c:\Catapult\Copter\Resources\Images\tank.bmp
c:\Catapult\Copter\Resources\Images\tileset_lvl01_layer01.png
c:\Catapult\Copter\Resources\Images\title.bmp
c:\Catapult\Copter\Resources\Images\title_back.png
c:\Catapult\Copter\Resources\Images\trip_indicator.png
c:\Catapult\Copter\Resources\Images\trip_meter.png
c:\Catapult\Copter\Resources\Images\_parachutebomb16x32.bmp
c:\Catapult\Copter\Resources\Sound\beep.wav
c:\Catapult\Copter\Resources\Sound\explosion_1.wav
c:\Catapult\Copter\Resources\Sound\powerup.wav
c:\Catapult\Copter\Resources\Sound\woosh.wav
c:\Catapult\Copter\Resources\Sound\_bullet.wav
c:\Catapult\Copter\Resources\TileMaps\background_1.ctm
c:\Catapult\Copter\Resources\TileMaps\bg1.ctm
c:\Catapult\Copter\Resources\TileMaps\title.ctm
c:\Catapult\Copter\Resources\TileMaps\title_back.ctm
c:\Catapult\Copter\Script\background.txt
c:\Catapult\Copter\Script\collide.txt
c:\Catapult\Copter\Script\copter.txt
c:\Catapult\Copter\Script\end_level.txt
c:\Catapult\Copter\Script\explosions.txt
c:\Catapult\Copter\Script\main.txt
c:\Catapult\Copter\Script\objects.txt
c:\Catapult\Copter\Script\object_list.txt
c:\Catapult\Copter\Script\powerup.txt
c:\Catapult\Copter\Script\states.txt
c:\Catapult\Copter\Script\terrain.txt
c:\Catapult\Copter\Script\terrain_lvl00.txt
c:\Catapult\Copter\Script\TLIST_OBJ.txt
c:\Catapult\Copter\Script\transitions.txt
c:\Catapult\cowjump\arrays.txt
c:\Catapult\cowjump\fontmaps.txt
c:\Catapult\cowjump\global_names.txt
c:\Catapult\cowjump\macro.txt
c:\Catapult\cowjump\paths.txt
c:\Catapult\cowjump\resource.txt
c:\Catapult\cowjump\string_table.txt
c:\Catapult\cowjump\tasks.txt
c:\Catapult\cowjump\Resources\costable.bin
c:\Catapult\cowjump\Resources\Images\balloon.png
c:\Catapult\cowjump\Resources\Images\barrel.bmp
c:\Catapult\cowjump\Resources\Images\BGFloor.png
c:\Catapult\cowjump\Resources\Images\building.bmp
c:\Catapult\cowjump\Resources\Images\cow.bmp
c:\Catapult\cowjump\Resources\Images\flower.png
c:\Catapult\cowjump\Resources\Images\front.bmp
c:\Catapult\cowjump\Resources\Images\House.png
c:\Catapult\cowjump\Resources\Images\skytiles.png
c:\Catapult\cowjump\Resources\Images\title2.bmp
c:\Catapult\cowjump\Resources\sounds\cj_normal.mod
c:\Catapult\cowjump\Resources\sounds\cj_win.MOD
c:\Catapult\cowjump\Resources\sounds\hit.wav
c:\Catapult\cowjump\Resources\sounds\jump.wav
c:\Catapult\cowjump\Resources\sounds\megajump.wav
c:\Catapult\cowjump\Resources\TileMaps\background.ctm
c:\Catapult\cowjump\Resources\TileMaps\building.ctm
c:\Catapult\cowjump\Resources\TileMaps\sky.ctm
c:\Catapult\cowjump\Resources\TileMaps\title2.ctm
c:\Catapult\cowjump\Script\Barrel.txt
c:\Catapult\cowjump\Script\Cow.txt
c:\Catapult\cowjump\Script\main.txt
c:\Catapult\cowjump\Script\Transitions.txt
c:\Catapult\DatabaseTest\arrays.txt
c:\Catapult\DatabaseTest\fontmaps.txt
c:\Catapult\DatabaseTest\global_names.txt
c:\Catapult\DatabaseTest\level_info.txt
c:\Catapult\DatabaseTest\macro.txt
c:\Catapult\DatabaseTest\network_versions.txt
c:\Catapult\DatabaseTest\paths.txt
c:\Catapult\DatabaseTest\resource.txt
c:\Catapult\DatabaseTest\string_table.txt
c:\Catapult\DatabaseTest\tilelists.txt
c:\Catapult\DatabaseTest\Script\database_sample.txt
c:\Catapult\DatabaseTest\Script\main.txt
c:\Catapult\DatabaseTest\Script\sample.csv
c:\Catapult\demo_draw\arrays.txt
c:\Catapult\demo_draw\fontmaps.txt
c:\Catapult\demo_draw\global_names.txt
c:\Catapult\demo_draw\levels.clv
c:\Catapult\demo_draw\macro.txt
c:\Catapult\demo_draw\paths.txt
c:\Catapult\demo_draw\resource.txt
c:\Catapult\demo_draw\string_table.txt
c:\Catapult\demo_draw\Script\main.txt
c:\Catapult\FontDemo1\arrays.txt
c:\Catapult\FontDemo1\fontmaps.txt
c:\Catapult\FontDemo1\global_names.txt
c:\Catapult\FontDemo1\level_info.txt
c:\Catapult\FontDemo1\macro.txt
c:\Catapult\FontDemo1\network_versions.txt
c:\Catapult\FontDemo1\paths.txt
c:\Catapult\FontDemo1\resource.txt
c:\Catapult\FontDemo1\string_table.txt
c:\Catapult\FontDemo1\tilelists.txt
c:\Catapult\FontDemo1\Resources\font_tiles.png
c:\Catapult\FontDemo1\Script\main.txt
c:\Catapult\FontDemo2\arrays.txt
c:\Catapult\FontDemo2\fontmaps.txt
c:\Catapult\FontDemo2\global_names.txt
c:\Catapult\FontDemo2\level_info.txt
c:\Catapult\FontDemo2\macro.txt
c:\Catapult\FontDemo2\network_versions.txt
c:\Catapult\FontDemo2\paths.txt
c:\Catapult\FontDemo2\resource.txt
c:\Catapult\FontDemo2\string_table.txt
c:\Catapult\FontDemo2\tilelists.txt
c:\Catapult\FontDemo2\Resources\font_tiles.gif
c:\Catapult\FontDemo2\Resources\font_tiles.png
c:\Catapult\FontDemo2\Resources\font_tiles_small.png
c:\Catapult\FontDemo2\Script\Held
c:\Catapult\FontDemo2\Script\main.txt
c:\Catapult\highway\arrays.txt
c:\Catapult\highway\fontmaps.txt
c:\Catapult\highway\global_names.txt
c:\Catapult\highway\level_info.txt
c:\Catapult\highway\macro.txt
c:\Catapult\highway\paths.txt
c:\Catapult\highway\resource.txt
c:\Catapult\highway\string_table.txt
c:\Catapult\highway\tilelists.txt
c:\Catapult\highway\LevelData\LevBody_FG_HIGHWAY1.dat
c:\Catapult\highway\LevelData\LevBody_LEVEL_BACKGROUND.dat
c:\Catapult\highway\LevelData\LevBody_LEVEL_HIGHWAY.dat
c:\Catapult\highway\LevelData\LevBody_LEVEL_HIGHWAY1.dat
c:\Catapult\highway\LevelData\LevBody_LEVEL_TEST.dat
c:\Catapult\highway\LevelData\LevBody_PATTERN_SLASH.dat
c:\Catapult\highway\Resources\images\image_chipachu.bmp
c:\Catapult\highway\Resources\images\image_kaabu.bmp
c:\Catapult\highway\Resources\images\image_mysterio.bmp
c:\Catapult\highway\Resources\images\tiles_mountainrange.bmp
c:\Catapult\highway\Resources\music\bach.mod
c:\Catapult\highway\Resources\sounds\slash.wav
c:\Catapult\highway\Resources\sprites\frame_horse01.bmp
c:\Catapult\highway\Resources\sprites\palette_horse_superslash.bmp
c:\Catapult\highway\Resources\sprites\palette_sillhouette.bmp
c:\Catapult\highway\Resources\sprites\palette_superslash.bmp
c:\Catapult\highway\Resources\sprites\sprite_debris01.bmp
c:\Catapult\highway\Resources\sprites\sprite_ghost01_01.bmp
c:\Catapult\highway\Resources\sprites\sprite_ghost01_02.bmp
c:\Catapult\highway\Resources\sprites\sprite_hadoken01_01.bmp
c:\Catapult\highway\Resources\sprites\sprite_hadoken01_02.bmp
c:\Catapult\highway\Resources\sprites\sprite_hadoken01_03.bmp
c:\Catapult\highway\Resources\sprites\sprite_hadoken01_04.bmp
c:\Catapult\highway\Resources\sprites\sprite_hadoken01_05.bmp
c:\Catapult\highway\Resources\sprites\sprite_hadoken01_06.bmp
c:\Catapult\highway\Resources\sprites\sprite_hadoken01_07.bmp
c:\Catapult\highway\Resources\sprites\sprite_hat01.bmp
c:\Catapult\highway\Resources\sprites\sprite_horse01.bmp
c:\Catapult\highway\Resources\sprites\sprite_horse01_01.bmp
c:\Catapult\highway\Resources\sprites\sprite_horse01_02.bmp
c:\Catapult\highway\Resources\sprites\sprite_horse01_03.bmp
c:\Catapult\highway\Resources\sprites\sprite_horse01_04.bmp
c:\Catapult\highway\Resources\sprites\sprite_horse01_05.bmp
c:\Catapult\highway\Resources\sprites\sprite_horse01_06.bmp
c:\Catapult\highway\Resources\sprites\sprite_horse01_07.bmp
c:\Catapult\highway\Resources\sprites\sprite_horse01_08.bmp
c:\Catapult\highway\Resources\sprites\sprite_horse01_09.bmp
c:\Catapult\highway\Resources\sprites\sprite_horse01_18.bmp
c:\Catapult\highway\Resources\sprites\sprite_horse01_19.bmp
c:\Catapult\highway\Resources\sprites\sprite_horse01_20.bmp
c:\Catapult\highway\Resources\sprites\sprite_horse01_21.bmp
c:\Catapult\highway\Resources\sprites\sprite_horse01_22.bmp
c:\Catapult\highway\Resources\sprites\sprite_horse01_23.bmp
c:\Catapult\highway\Resources\sprites\sprite_horseexplode01.bmp
c:\Catapult\highway\Resources\sprites\sprite_horsepiece1.bmp
c:\Catapult\highway\Resources\sprites\sprite_horsepiece2.bmp
c:\Catapult\highway\Resources\sprites\sprite_horsepiece3.bmp
c:\Catapult\highway\Resources\sprites\sprite_horsepiece4.bmp
c:\Catapult\highway\Resources\sprites\sprite_horsepiece5.bmp
c:\Catapult\highway\Resources\sprites\sprite_horseshadow01.bmp
c:\Catapult\highway\Resources\sprites\sprite_manfall01_01.bmp
c:\Catapult\highway\Resources\sprites\sprite_pipefragment01.bmp
c:\Catapult\highway\Resources\sprites\sprite_slash01.bmp
c:\Catapult\highway\Resources\sprites\sprite_slash01_01.bmp
c:\Catapult\highway\Resources\sprites\sprite_slash01_02.bmp
c:\Catapult\highway\Resources\sprites\sprite_slash01_03.bmp
c:\Catapult\highway\Resources\sprites\sprite_slash01_04.bmp
c:\Catapult\highway\Resources\sprites\sprite_slash01_05.bmp
c:\Catapult\highway\Resources\sprites\sprite_slash01_06.bmp
c:\Catapult\highway\Resources\sprites\sprite_slash01_07.bmp
c:\Catapult\highway\Resources\sprites\sprite_smallexplode01.bmp
c:\Catapult\highway\Resources\sprites\sprite_sword.bmp
c:\Catapult\highway\Resources\tiles\tiles_digits.bmp
c:\Catapult\highway\Resources\tiles\tiles_highway01.bmp
c:\Catapult\highway\Resources\tiles\tiles_highway1_01.bmp
c:\Catapult\highway\Resources\tiles\tiles_highway1_02.bmp
c:\Catapult\highway\Resources\tiles\tiles_highway1_03.bmp
c:\Catapult\highway\Resources\tiles\tiles_highway1_04.bmp
c:\Catapult\highway\Resources\tiles\tiles_highway2_01.bmp
c:\Catapult\highway\Resources\tiles\tiles_highway2_02.bmp
c:\Catapult\highway\Resources\tiles\tiles_highway2_03.bmp
c:\Catapult\highway\Resources\tiles\tiles_highway2_set01.bmp
c:\Catapult\highway\Resources\tiles\tiles_highway2_set02.bmp
c:\Catapult\highway\Resources\tiles\tiles_highway3_01.bmp
c:\Catapult\highway\Resources\tiles\tiles_highway3_02.bmp
c:\Catapult\highway\Resources\tiles\tiles_highway3_03.bmp
c:\Catapult\highway\Resources\tiles\tiles_highway3_set01.bmp
c:\Catapult\highway\Resources\tiles\tiles_highway3_set02.bmp
c:\Catapult\highway\Resources\tiles\tiles_highway4.bmp
c:\Catapult\highway\Script\bg_layout.txt
c:\Catapult\highway\Script\data.txt
c:\Catapult\highway\Script\display.txt
c:\Catapult\highway\Script\main.txt
c:\Catapult\highway\Script\objects.txt
c:\Catapult\highway\Script\sprite_layout.txt
c:\Catapult\Island\arrays.txt
c:\Catapult\Island\fontmaps.txt
c:\Catapult\Island\global_names.txt
c:\Catapult\Island\Islands2.mod
c:\Catapult\Island\macro.txt
c:\Catapult\Island\paths.txt
c:\Catapult\Island\resource.txt
c:\Catapult\Island\string_table.txt
c:\Catapult\Island\Resources\Images\balloon.bmp
c:\Catapult\Island\Resources\Images\balloon_shadow.bmp
c:\Catapult\Island\Resources\Images\Globe.png
c:\Catapult\Island\Resources\Images\grass.bmp
c:\Catapult\Island\Resources\Images\grass_sand_half.bmp
c:\Catapult\Island\Resources\Images\grass_tuft.bmp
c:\Catapult\Island\Resources\Images\GShadow.png
c:\Catapult\Island\Resources\Images\island_tiles.png
c:\Catapult\Island\Resources\Images\lava.bmp
c:\Catapult\Island\Resources\Images\sand.bmp
c:\Catapult\Island\Resources\Images\sand_corner.bmp
c:\Catapult\Island\Resources\Images\sand_corner_out.bmp
c:\Catapult\Island\Resources\Images\sand_edge_1.bmp
c:\Catapult\Island\Resources\Images\sand_edge_st.bmp
c:\Catapult\Island\Resources\Images\water.bmp
c:\Catapult\Island\Resources\Music\Islands2.mod
c:\Catapult\Island\Resources\TileMap\island.ctm
c:\Catapult\Island\Resources\TileMap\ocean_floor.ctm
c:\Catapult\Island\Resources\TileMap\water.ctm
c:\Catapult\Island\Script\island_test.txt
c:\Catapult\Sample_ROMs\4inarow.gba
c:\Catapult\Sample_ROMs\Copter.gba
c:\Catapult\Sample_ROMs\cowjump.gba
c:\Catapult\Sample_ROMs\demo_draw.gba
c:\Catapult\Sample_ROMs\highway2.gba
c:\Catapult\Sample_ROMs\Island.gba
c:\Catapult\Sample_ROMs\readme.txt
c:\Catapult\Sample_ROMs\Slide15.gba
c:\Catapult\Sample_ROMs\Snake.gba
c:\Catapult\Snake\arrays.txt
c:\Catapult\Snake\fontmaps.txt
c:\Catapult\Snake\global_names.txt
c:\Catapult\Snake\levels.clv
c:\Catapult\Snake\level_info.txt
c:\Catapult\Snake\macro.txt
c:\Catapult\Snake\network_versions.txt
c:\Catapult\Snake\paths.txt
c:\Catapult\Snake\resource.txt
c:\Catapult\Snake\string_table.txt
c:\Catapult\Snake\tilelists.txt
c:\Catapult\Snake\Resources\Images\font.png
c:\Catapult\Snake\Resources\Images\font1.bmp
c:\Catapult\Snake\Resources\Images\grass.bmp
c:\Catapult\Snake\Resources\Images\grass.png
c:\Catapult\Snake\Resources\Images\grass1.bmp
c:\Catapult\Snake\Resources\Images\grass1.png
c:\Catapult\Snake\Resources\Images\rabbit.bmp
c:\Catapult\Snake\Resources\Images\rabbit.png
c:\Catapult\Snake\Resources\Images\rock.png
c:\Catapult\Snake\Resources\Images\snake_body.bmp
c:\Catapult\Snake\Resources\Images\snake_body.png
c:\Catapult\Snake\Resources\Images\snake_head.bmp
c:\Catapult\Snake\Resources\Images\snake_head.png
c:\Catapult\Snake\Resources\Music\MineShft.MOD
c:\Catapult\Snake\Resources\sound\eatrock.wav
c:\Catapult\Snake\Script\snake.txt
c:\Catapult\Snake\Script\tile_indices.txt
c:\Catapult\SoundDemo\arrays.txt
c:\Catapult\SoundDemo\fontmaps.txt
c:\Catapult\SoundDemo\global_names.txt
c:\Catapult\SoundDemo\level_info.txt
c:\Catapult\SoundDemo\macro.txt
c:\Catapult\SoundDemo\network_versions.txt
c:\Catapult\SoundDemo\paths.txt
c:\Catapult\SoundDemo\resource.txt
c:\Catapult\SoundDemo\string_table.txt
c:\Catapult\SoundDemo\tilelists.txt
c:\Catapult\SoundDemo\Resources\sine.wav
c:\Catapult\SoundDemo\Script\main.txt
c:\Catapult\Tools\diff.exe
c:\Catapult\tutorial\arrays.txt
c:\Catapult\tutorial\fontmaps.txt
c:\Catapult\tutorial\global_names.txt
c:\Catapult\tutorial\level_info.txt
c:\Catapult\tutorial\macro.txt
c:\Catapult\tutorial\paths.txt
c:\Catapult\tutorial\resource.txt
c:\Catapult\tutorial\string_table.txt
c:\Catapult\tutorial\tilelists.txt
c:\Catapult\tutorial\Resources\Images\green_blob.bmp
c:\Catapult\tutorial\Resources\Images\planet.bmp
c:\Catapult\tutorial\Resources\sound\sample.wav
c:\Catapult\tutorial\Resources\sound\song.mod
c:\Catapult\tutorial\Script\ForBeginners.txt
c:\Catapult\tutorial\Script\readme.txt
c:\Catapult\tutorial\Script\Tut_01_Functions.txt
c:\Catapult\tutorial\Script\Tut_02_Initialise.txt
c:\Catapult\tutorial\Script\Tut_03_DisplaySetup.txt
c:\Catapult\tutorial\Script\Tut_04_GettingSomethingOnTheScreen.txt
c:\Catapult\tutorial\Script\Tut_05_MoreTileMaps.txt
c:\Catapult\tutorial\Script\Tut_06_Variables.txt
c:\Catapult\tutorial\Script\Tut_07_Sprites.txt
c:\Catapult\tutorial\Script\Tut_08_Music.txt
c:\Catapult\tutorial\Script\Tut_09_Tables.txt
c:\Catapult\tutorial\Script\Tut_10_Hblank.txt
c:\Catapult\tutorial\Script\Tut_11_3DCommands.txt
c:\Catapult\tutorial\Script\Tut_12_Levels.txt
c:\Catapult\UserGuide\Catapult.chm
